// Jest Snapshot v1, https://goo.gl/fbAQLP

exports[`<CategoryTree> should render correctly with sample data 1`] = `
<Tree
  checkable={false}
  draggable={false}
  onSelect={[Function]}
  openAnimation={
    Object {
      "appear": [Function],
      "enter": [Function],
      "leave": [Function],
    }
  }
  prefixCls="ant-tree"
  showIcon={false}
>
  <TreeNode
    category={
      Object {
        "children": Array [
          5,
        ],
        "createdBy": "root",
        "createdDate": "2017-06-30T11:13:46.691+02:00",
        "creator": 1,
        "groups": Array [],
        "id": 4,
        "keys": Array [],
        "lastModifiedBy": "root",
        "lastModifiedDate": "2017-06-30T11:13:46.696+02:00",
        "name": "intern",
        "parent": null,
        "responsible": 1,
        "treeLevel": 0,
      }
    }
    title={
      <span>
        <Icon
          type="folder"
        />
         
        intern
      </span>
    }
  >
    <TreeNode
      category={
        Object {
          "children": Array [],
          "createdBy": "root",
          "createdDate": "2017-06-30T11:13:53.821+02:00",
          "creator": 1,
          "groups": Array [],
          "id": 5,
          "keys": Array [
            3,
          ],
          "lastModifiedBy": "root",
          "lastModifiedDate": "2017-06-30T11:13:55.992+02:00",
          "name": "projektron bcs",
          "parent": 4,
          "responsible": 1,
          "treeLevel": 1,
        }
      }
      title="projektron bcs"
    />
  </TreeNode>
  <TreeNode
    category={
      Object {
        "children": Array [
          2,
        ],
        "createdBy": "root",
        "createdDate": "2017-06-30T11:13:33.274+02:00",
        "creator": 1,
        "groups": Array [],
        "id": 1,
        "keys": Array [],
        "lastModifiedBy": "root",
        "lastModifiedDate": "2017-06-30T11:13:33.282+02:00",
        "name": "vorwerk",
        "parent": null,
        "responsible": 1,
        "treeLevel": 0,
      }
    }
    title={
      <span>
        <Icon
          type="folder"
        />
         
        vorwerk
      </span>
    }
  >
    <TreeNode
      category={
        Object {
          "children": Array [
            3,
          ],
          "createdBy": "root",
          "createdDate": "2017-06-30T11:13:37.557+02:00",
          "creator": 1,
          "groups": Array [],
          "id": 2,
          "keys": Array [
            1,
          ],
          "lastModifiedBy": "root",
          "lastModifiedDate": "2017-06-30T11:14:04.707+02:00",
          "name": "servers",
          "parent": 1,
          "responsible": 1,
          "treeLevel": 1,
        }
      }
      title={
        <span>
          <Icon
            type="folder"
          />
           
          servers
        </span>
      }
    >
      <TreeNode
        category={
          Object {
            "children": Array [],
            "createdBy": "root",
            "createdDate": "2017-06-30T11:13:41.497+02:00",
            "creator": 1,
            "groups": Array [],
            "id": 3,
            "keys": Array [
              2,
            ],
            "lastModifiedBy": "root",
            "lastModifiedDate": "2017-06-30T11:14:01.09+02:00",
            "name": "ssh",
            "parent": 2,
            "responsible": 1,
            "treeLevel": 2,
          }
        }
        title="ssh"
      />
    </TreeNode>
  </TreeNode>
</Tree>
`;
